Print me 3 times
1
Print me 3 times
2
Print me 3 times
3
Print this
Print this
