10,true: 
256
512
10000
50,true: 
256
2500
10,false: 
-40
50,false: 
0
