Print me 5 times
1
Print me 5 times
2
Print me 5 times
3
Print me 5 times
4
Print me 5 times
5
Im else block
