VariableInitZero
0
1
2
Aritmetics
3
4
booltests
1
4
2
3
1
4
2
3
false
true
true
true
ifexpswithboolianfuncsnoparams
1
2
3
44
55
6
77
88
9
1010
11
12
13
14
ifexpswithboolianfuncswithparams
1
2
3
44
55
6
77
88
9
1010
11
12
13
14
ifexpwithtrueandfalsevariables
1
2
3
44
55
6
77
88
9
1010
11
12
13
14
ifexpwithtrueandfalseconstants
1
2
3
44
55
6
77
88
9
1010
11
12
13
14
whilecheck
110
109
108
107
106
105
104
103
102
101
900
whilecheckwithbreak
210
209
208
207
206
205
whilecheckwithbreakwithfuncs
310
309
308
307
306
305
whilecheckwithfuncs
410
409
408
407
406
405
404
403
402
401
900
whilecheckcomplexexprwithfuncs
510
509
508
507
506
505
504
503
502
501
900
whilecheckwithrecursivefunc
610
609
608
607
606
605
604
603
602
601
900
retvalfrombytefunccomparewithinttype
contCheck
0
1
2
testPhilosophicWhile
OREN STOP ANNOYING
testPhilosophicWhile2
EXCEL
